// Jest Snapshot v1, https://goo.gl/fbAQLP

exports[`annotateUsers Adds data to users to show if they're in consensys, web3studio, or other 1`] = `
Array [
  "web3studio",
  "other",
  "web3studio",
  "web3studio",
  "consensys",
  "other",
  "other",
]
`;
